// Jest Snapshot v1, https://goo.gl/fbAQLP

exports[`IndexPage Component should render IndexPage Component 1`] = `
<div>
  <div
    className="parallax-container valign-wrapper"
  >
    <div
      className="container"
    >
      <div
        className="row"
      >
        <div
          className="col l8 s12 white-text"
        >
          <h1
            className="left-align valign"
          >
            Welcome to PostIt
          </h1>
          <h4
            className="thin-text"
          >
            PostIt brings all pieces of conversation and people to a place so that communication becomes easy
          </h4>
        </div>
      </div>
      <div
        className="row"
      >
        <div
          className="col l4"
        >
          <Link
            className="waves-effect hoverable btn-large"
            id="get-started"
            onlyActiveOnIndex={false}
            style={Object {}}
            to="/account"
          >
            Get Started
          </Link>
        </div>
      </div>
    </div>
    <div
      className="parallax"
    >
      <img
        alt=""
        src={
          Object {
            "process": [Function],
          }
        }
      />
    </div>
  </div>
  <div
    className="background #000000 black"
  >
    <div
      className="row center-align"
    >
      <div
        className="col l12 s12"
      >
        <img
          alt=""
          className="responsive-img"
          src={
            Object {
              "process": [Function],
            }
          }
        />
      </div>
    </div>
  </div>
  <div
    className="container talk"
  >
    <div
      className="row"
    >
      <div
        className="col l12 center-align"
      >
        <h4>
          Best way to talk together
        </h4>
        <br />
      </div>
      <div
        className="col l4"
      >
        <div
          className="card"
        >
          <div
            className="card-image"
          >
            <img
              alt=""
              src={
                Object {
                  "process": [Function],
                }
              }
            />
            <span
              className="card-title"
            >
              Card Title
            </span>
          </div>
          <div
            className="card-content"
          >
            <p>
              Lorem ipsum dolor sit amet, consectetur adipisicing elit, sed do eiusmod tempor incididunt ut labore et dolore magna aliqua. Ut enim ad minim veniam, quis nostrud exercitation ullamco laboris nisi ut aliquip ex ea commodo consequat.
            </p>
          </div>
          <div
            className="card-action"
          >
            <Link
              onlyActiveOnIndex={false}
              style={Object {}}
              to="#"
            >
              View more
            </Link>
          </div>
        </div>
      </div>
      <div
        className="col l4"
      >
        <div
          className="card"
        >
          <div
            className="card-image"
          >
            <img
              alt=""
              src={
                Object {
                  "process": [Function],
                }
              }
            />
            <span
              className="card-title"
            >
              Card Title
            </span>
          </div>
          <div
            className="card-content"
          >
            <p>
              Lorem ipsum dolo Lorem ipsum dolor sit amet, consectetur adipisicing elit, sed do eiusmod tempor incididunt ut labore et dolore magna aliqua. Ut enim ad minim veniam, quis nostrud exercitation ullamco laboris nisi ut aliquip ex ea commodo consequat.
            </p>
          </div>
          <div
            className="card-action"
          >
            <Link
              onlyActiveOnIndex={false}
              style={Object {}}
              to="#"
            >
              View more
            </Link>
          </div>
        </div>
      </div>
      <div
        className="col l4"
      >
        <div
          className="card"
        >
          <div
            className="card-image"
          >
            <img
              alt=""
              src={
                Object {
                  "process": [Function],
                }
              }
            />
            <span
              className="card-title"
            >
              Card Title
            </span>
          </div>
          <div
            className="card-content"
          >
            <p>
              Lorem ipsum dolo Lorem ipsum dolor sit amet, consectetur adipisicing elit, sed do eiusmod tempor incididunt ut labore et dolore magna aliqua. Ut enim ad minim veniam, quis nostrud exercitation ullamco laboris nisi ut aliquip ex ea commodo consequat.
            </p>
          </div>
          <div
            className="card-action"
          >
            <Link
              onlyActiveOnIndex={false}
              style={Object {}}
              to="#"
            >
              View more
            </Link>
          </div>
        </div>
      </div>
    </div>
  </div>
  <br />
  <Footer />
</div>
`;
