// Jest Snapshot v1, https://goo.gl/fbAQLP

exports[`Footer Component should render Footer Component 1`] = `
<div>
  <br />
  <footer
    className="page-footer #000000 black"
  >
    <div
      className="container"
    >
      <div
        className="row"
      >
        <div
          className="col l4 s12"
        >
          <h5>
            <Link
              className="white-text"
              onlyActiveOnIndex={false}
              style={Object {}}
              to="/"
            >
              PostIt
            </Link>
          </h5>
          <ul>
            <li
              className="grey-text text-lighten-4"
            >
              Â© 2017
            </li>
          </ul>
        </div>
      </div>
    </div>
    <div
      className="footer-copyright"
    />
  </footer>
</div>
`;
