// Jest Snapshot v1, https://goo.gl/fbAQLP

exports[`InputField Component should render InputField Component 1`] = `
<div
  className="input-field"
>
  <input
    type="text"
  />
  <label>
     
     
  </label>
</div>
`;
